
> storybook
> cross-env BROWSER=none STORYBOOK_DISABLE_TELEMETRY=true storybook dev -p 6006

[1m@storybook/core v8.6.18[22m[0m
[0m
WARN The following packages are incompatible with Storybook [1m8.6.18[22m as they depend on different major versions of Storybook packages:
WARN - [36m@storybook/addon-essentials[39m@[36m8.6.14[39m (8.6.18 available!)
WARN  Repo: [33mhttps://github.com/storybookjs/storybook/tree/next/code/addons/essentials[39m
WARN 
WARN 
WARN Please consider updating your packages or contacting the maintainers for compatibility details.
WARN For more on Storybook 8 compatibility, see the linked GitHub issue:
WARN [33mhttps://github.com/storybookjs/storybook/issues/26031[39m
info => Starting manager..
info => Starting preview..
info Addon-docs: using MDX3
info => Using implicit CSS loaders
info => Using default Webpack5 setup
╭─────────────────────────────────────────────────────────────────────╮
│                                                                     │
│   [38;2;162;224;94mStorybook [1m8.6.18[22m for [1mreact-webpack5[22m started[39m                       │
│   [90m[4m150 ms[24m for manager and [4m2.31 s[24m for preview[39m                         │
│                                                                     │
│   Local:            [36mhttp://localhost:6006/[39m                          │
│   On your network:  [36mhttp://192.168.1.103:6006/[39m                      │
│                                                                     │
│   [38;2;243;173;56mA new version ([1m10.4.0[22m) is available![39m                              │
│                                                                     │
│   [90mUpgrade now:[39m [38;2;162;224;94mnpx storybook@latest upgrade[39m                         │
│                                                                     │
│   [90mRead full changelog:[39m                                              │
│   [90m[4mhttps://github.com/storybookjs/storybook/blob/main/CHANGELOG.md[24m[39m   │
│                                                                     │
╰─────────────────────────────────────────────────────────────────────╯
